Output 1:
test test test 1
Output 2:
test test
test 2
